[debug] [2026-07-22T09:11:33.218Z] : 
[debug] [2026-07-22T09:11:33.221Z] : ----------------------------------------------------------------------
[debug] [2026-07-22T09:11:33.221Z] : Command:      /Users/yash-19078/.nvm/versions/node/v24.15.0/bin/node /Users/yash-19078/.nvm/versions/node/v20.20.2/bin/catalyst functions:shell
[debug] [2026-07-22T09:11:33.221Z] : CLI Version:  1.26.1
[debug] [2026-07-22T09:11:33.221Z] : Platform:     darwin
[debug] [2026-07-22T09:11:33.221Z] : Node Version: v24.15.0
[debug] [2026-07-22T09:11:33.221Z] : Time:         Wed Jul 22 2026 14:41:33 GMT+0530 (India Standard Time)
[debug] [2026-07-22T09:11:33.221Z] : ----------------------------------------------------------------------
[debug] [2026-07-22T09:11:33.221Z] : 
[debug] [2026-07-22T09:11:33.489Z] : > authorizing via signed-in user option
[debug] [2026-07-22T09:11:33.489Z] : > command requires scopes: ["ZohoCatalyst.projects.ALL","ZohoCatalyst.apigateway.apis.READ","ZohoCatalyst.apigateway.READ","ZohoCatalyst.segments.ALL","ZohoCatalyst.cache.READ","ZohoCatalyst.cache.CREATE","ZohoCatalyst.cache.DELETE","ZohoCatalyst.projects.ALL","ZohoCatalyst.cron.ALL","ZohoCatalyst.zcql.CREATE","ZohoCatalyst.projects.users.READ","ZohoCatalyst.projects.users.CREATE","ZohoCatalyst.projects.users.DELETE","ZohoCatalyst.projects.users.UPDATE","ZohoCatalyst.authentication.CREATE","ZohoCatalyst.email.CREATE","ZohoCatalyst.tables.ALL","ZohoCatalyst.tables.rows.ALL","ZohoCatalyst.tables.columns.ALL","ZohoCatalyst.tables.bulk.CREATE","ZohoCatalyst.tables.bulk.READ","ZohoCatalyst.folders.ALL","ZohoCatalyst.files.CREATE","ZohoCatalyst.files.READ","ZohoCatalyst.files.DELETE","ZohoCatalyst.functions.ALL","ZohoCatalyst.functions.EXECUTE","ZohoCatalyst.eventlistners.ALL","ZohoCatalyst.eventlisteners.produce","ZohoCatalyst.security.rules.Read","ZohoCatalyst.security.rules.Update","ZohoCatalyst.notifications.mobile","ZohoCatalyst.notifications.web","ZohoCatalyst.search.READ","ZohoCatalyst.mlkit.READ","QuickML.deployment.READ","ZohoCatalyst.pdfshot.execute","ZohoCatalyst.dataverse.execute","ZohoCatalyst.grid.READ","ZohoCatalyst.grid.terminate","ZohoCatalyst.circuits.execution.DELETE","ZohoCatalyst.circuits.execution.READ","ZohoCatalyst.circuits.execute","ZohoCatalyst.appsail.Read","ZohoCatalyst.jobpool.READ","ZohoCatalyst.job.ALL","ZohoCatalyst.nosql.READ","ZohoCatalyst.nosql.rows.ALL"]
[debug] [2026-07-22T09:11:33.495Z] : >>>> HTTP REQUEST : GET https://console.catalyst.localzoho.com/baas/v1/project/54962000000026039 

[debug] [2026-07-22T09:11:33.673Z] : <<<< HTTP RESPONSE : 200
Response Headers: {"server":"ZGS","date":"Wed, 22 Jul 2026 09:11:33 GMT","content-type":"application/vnd.catalyst.v2+json","transfer-encoding":"chunked","connection":"close","x-content-type-options":"nosniff","cache-control":"private,no-cache,no-store,max-age=0,must-revalidate","pragma":"no-cache","expires":"Thu, 01 Jan 1970 00:00:00 GMT","x-frame-options":"DENY","strict-transport-security":"max-age=63072000"}

[debug] [2026-07-22T09:11:33.675Z] : >>>> HTTP REQUEST : GET https://console.catalyst.localzoho.com/baas/v1/project/54962000000026039/environment 

[debug] [2026-07-22T09:11:33.797Z] : <<<< HTTP RESPONSE : 200
Response Headers: {"server":"ZGS","date":"Wed, 22 Jul 2026 09:11:33 GMT","content-type":"application/vnd.catalyst.v2+json","transfer-encoding":"chunked","connection":"close","x-content-type-options":"nosniff","cache-control":"private,no-cache,no-store,max-age=0,must-revalidate","pragma":"no-cache","expires":"Thu, 01 Jan 1970 00:00:00 GMT","x-frame-options":"DENY","strict-transport-security":"max-age=63072000"}

[debug] [2026-07-22T09:11:33.826Z] : >>>> HTTP REQUEST : GET https://console.catalyst.localzoho.com/baas/get-details 
Query params: {"feature_name":"runtime"}

[debug] [2026-07-22T09:11:34.040Z] : <<<< HTTP RESPONSE : 200
Response Headers: {"server":"ZGS","date":"Wed, 22 Jul 2026 09:11:34 GMT","content-type":"application/vnd.catalyst.v2+json","transfer-encoding":"chunked","connection":"close","x-content-type-options":"nosniff","cache-control":"private,no-cache,no-store,max-age=0,must-revalidate","pragma":"no-cache","expires":"Thu, 01 Jan 1970 00:00:00 GMT","x-frame-options":"DENY","strict-transport-security":"max-age=63072000"}

[debug] [2026-07-22T09:11:34.045Z] : >>>> HTTP REQUEST : GET https://console.catalyst.localzoho.com/baas/v1/project/54962000000026039/function 
Query params: {"type":"basicio,event,cron,applogic,integration,browser_logic,job"}

[debug] [2026-07-22T09:11:34.256Z] : <<<< HTTP RESPONSE : 200
Response Headers: {"server":"ZGS","date":"Wed, 22 Jul 2026 09:11:34 GMT","content-type":"application/vnd.catalyst.v2+json","transfer-encoding":"chunked","connection":"close","x-content-type-options":"nosniff","cache-control":"private,no-cache,no-store,max-age=0,must-revalidate","pragma":"no-cache","expires":"Thu, 01 Jan 1970 00:00:00 GMT","x-frame-options":"DENY","strict-transport-security":"max-age=63072000"}

[debug] [2026-07-22T09:11:34.259Z] : unknown eol undefined hence skipping check
[debug] [2026-07-22T09:11:34.259Z] : unknown eol undefined hence skipping check
[debug] [2026-07-22T09:11:34.259Z] : unknown eol undefined hence skipping check
[debug] [2026-07-22T09:11:34.259Z] : unknown eol undefined hence skipping check
[debug] [2026-07-22T09:11:34.259Z] : unknown eol undefined hence skipping check
[debug] [2026-07-22T09:11:34.263Z] : Node binary for stack node24 is at /Users/yash-19078/.nvm/versions/node/v24.15.0/bin/node
[warn] [2026-07-22T09:11:38.229Z] : ⚠ target [mcp_status_fetcher] is not a valid one reason : invalid function type. Only basicio,cron,event,integration,job are supported.
[debug] [2026-07-22T09:13:19.542Z] : local fn slave exit: 0, null
[info] [2026-07-22T09:13:19.543Z] : 
[info] [2026-07-22T09:13:19.543Z] : [CLI] Function trigger_on_demand_server execution complete
[info] [2026-07-22T09:13:19.543Z] : 
[info] [2026-07-22T09:13:19.544Z] : [status - trigger_on_demand_server] SUCCESS
[info] [2026-07-22T09:35:24.267Z] : 
unlinkDir of node_modules in trigger_connection_server_claude detected. Preparing your function, please wait...
[debug] [2026-07-22T09:35:24.269Z] : Node binary for stack node24 is at /Users/yash-19078/.nvm/versions/node/v24.15.0/bin/node
[info] [2026-07-22T09:35:29.398Z] : ℹ functions[trigger_connection_server_claude]: ready!
[info] [2026-07-22T09:35:30.399Z] : 
change of package-lock.json in trigger_connection_server_claude detected. Preparing your function, please wait...
[debug] [2026-07-22T09:35:30.400Z] : Node binary for stack node24 is at /Users/yash-19078/.nvm/versions/node/v24.15.0/bin/node
[info] [2026-07-22T09:35:33.289Z] : ℹ functions[trigger_connection_server_claude]: ready!
[info] [2026-07-22T09:35:34.292Z] : 
unlinkDir of node_modules in trigger_connection_server_claude detected. Preparing your function, please wait...
[debug] [2026-07-22T09:35:34.292Z] : Node binary for stack node24 is at /Users/yash-19078/.nvm/versions/node/v24.15.0/bin/node
[info] [2026-07-22T09:35:38.934Z] : ℹ functions[trigger_connection_server_claude]: ready!
[info] [2026-07-22T09:35:39.934Z] : 
change of package-lock.json in trigger_connection_server_claude detected. Preparing your function, please wait...
[debug] [2026-07-22T09:35:39.935Z] : Node binary for stack node24 is at /Users/yash-19078/.nvm/versions/node/v24.15.0/bin/node
[info] [2026-07-22T09:35:42.738Z] : ℹ functions[trigger_connection_server_claude]: ready!
[info] [2026-07-22T09:35:56.766Z] : 
unlinkDir of node_modules in trigger_connection_server_claude detected. Preparing your function, please wait...
[debug] [2026-07-22T09:35:56.766Z] : Node binary for stack node24 is at /Users/yash-19078/.nvm/versions/node/v24.15.0/bin/node
[error] [2026-07-22T09:36:00.078Z] : ✖ An unexpected error has occurred.
[debug] [2026-07-22T09:36:00.078Z] : Error Stack: CatalystError: An unexpected error has occurred.
    at exports.default (/Users/yash-19078/.nvm/versions/node/v20.20.2/lib/node_modules/zcatalyst-cli/lib/errorOut.js:13:17)
    at process.<anonymous> (/Users/yash-19078/.nvm/versions/node/v20.20.2/lib/node_modules/zcatalyst-cli/lib/bin/catalyst.js:129:28)
    at process.emit (node:events:509:28)
    at process.processEmit [as emit] (/Users/yash-19078/.nvm/versions/node/v20.20.2/lib/node_modules/zcatalyst-cli/node_modules/signal-exit/index.js:199:34)
    at emitUnhandledRejection (node:internal/process/promises:252:13)
    at throwUnhandledRejectionsMode (node:internal/process/promises:388:19)
    at processPromiseRejections (node:internal/process/promises:475:17)
    at process.processTicksAndRejections (node:internal/process/task_queues:105:32)
[debug] [2026-07-22T09:36:00.078Z] : Original Error: Error: [Error: ENOENT: no such file or directory, lstat '/Users/yash-19078/Documents/Documents/Codes/MCPTools<>ClaudeSDK/functions/trigger_connection_server_claude/node_modules/@modelcontextprotocol/sdk/dist/esm/server/auth'] {
  errno: -2,
  code: 'ENOENT',
  syscall: 'lstat',
  path: '/Users/yash-19078/Documents/Documents/Codes/MCPTools<>ClaudeSDK/functions/trigger_connection_server_claude/node_modules/@modelcontextprotocol/sdk/dist/esm/server/auth'
}
    at exports.default (/Users/yash-19078/.nvm/versions/node/v20.20.2/lib/node_modules/zcatalyst-cli/lib/errorOut.js:15:23)
    at process.<anonymous> (/Users/yash-19078/.nvm/versions/node/v20.20.2/lib/node_modules/zcatalyst-cli/lib/bin/catalyst.js:129:28)
    at process.emit (node:events:509:28)
    at process.processEmit [as emit] (/Users/yash-19078/.nvm/versions/node/v20.20.2/lib/node_modules/zcatalyst-cli/node_modules/signal-exit/index.js:199:34)
    at emitUnhandledRejection (node:internal/process/promises:252:13)
    at throwUnhandledRejectionsMode (node:internal/process/promises:388:19)
    at processPromiseRejections (node:internal/process/promises:475:17)
    at process.processTicksAndRejections (node:internal/process/task_queues:105:32)
[debug] [2026-07-22T09:36:00.078Z] : Error Status: 500
[info] [2026-07-22T09:36:00.078Z] : Kindly contact Catalyst support [support@zohocatalyst.com] if you need any further assistance
[info] [2026-07-22T09:38:26.260Z] : 
unlinkDir of node_modules in trigger_on_demand_server_claude detected. Preparing your function, please wait...
[debug] [2026-07-22T09:38:26.261Z] : Node binary for stack node24 is at /Users/yash-19078/.nvm/versions/node/v24.15.0/bin/node
[error] [2026-07-22T09:38:28.407Z] : ✖ An unexpected error has occurred.
[debug] [2026-07-22T09:38:28.407Z] : Error Stack: CatalystError: An unexpected error has occurred.
    at exports.default (/Users/yash-19078/.nvm/versions/node/v20.20.2/lib/node_modules/zcatalyst-cli/lib/errorOut.js:13:17)
    at process.<anonymous> (/Users/yash-19078/.nvm/versions/node/v20.20.2/lib/node_modules/zcatalyst-cli/lib/bin/catalyst.js:129:28)
    at process.emit (node:events:509:28)
    at process.processEmit [as emit] (/Users/yash-19078/.nvm/versions/node/v20.20.2/lib/node_modules/zcatalyst-cli/node_modules/signal-exit/index.js:199:34)
    at emitUnhandledRejection (node:internal/process/promises:252:13)
    at throwUnhandledRejectionsMode (node:internal/process/promises:388:19)
    at processPromiseRejections (node:internal/process/promises:475:17)
    at process.processTicksAndRejections (node:internal/process/task_queues:105:32)
[debug] [2026-07-22T09:38:28.407Z] : Original Error: Error: [Error: ENOENT: no such file or directory, lstat '/Users/yash-19078/Documents/Documents/Codes/MCPTools<>ClaudeSDK/functions/trigger_on_demand_server_claude/node_modules/zod-to-json-schema/.github'] {
  errno: -2,
  code: 'ENOENT',
  syscall: 'lstat',
  path: '/Users/yash-19078/Documents/Documents/Codes/MCPTools<>ClaudeSDK/functions/trigger_on_demand_server_claude/node_modules/zod-to-json-schema/.github'
}
    at exports.default (/Users/yash-19078/.nvm/versions/node/v20.20.2/lib/node_modules/zcatalyst-cli/lib/errorOut.js:15:23)
    at process.<anonymous> (/Users/yash-19078/.nvm/versions/node/v20.20.2/lib/node_modules/zcatalyst-cli/lib/bin/catalyst.js:129:28)
    at process.emit (node:events:509:28)
    at process.processEmit [as emit] (/Users/yash-19078/.nvm/versions/node/v20.20.2/lib/node_modules/zcatalyst-cli/node_modules/signal-exit/index.js:199:34)
    at emitUnhandledRejection (node:internal/process/promises:252:13)
    at throwUnhandledRejectionsMode (node:internal/process/promises:388:19)
    at processPromiseRejections (node:internal/process/promises:475:17)
    at process.processTicksAndRejections (node:internal/process/task_queues:105:32)
[debug] [2026-07-22T09:38:28.407Z] : Error Status: 500
[info] [2026-07-22T09:38:28.407Z] : Kindly contact Catalyst support [support@zohocatalyst.com] if you need any further assistance
